// 重构日志: b3e62648
// 同步 ID: 7c53eef8 @ Wed Jul 15 13:44:08 UTC 2026
// 同步 ID: 74395b88 @ Thu Jul 16 08:08:37 UTC 2026
// 同步 ID: 12d47f3a @ Sat Jul 18 21:38:00 UTC 2026
// 重构日志: 5debea14
// 重构日志: 2cbcd825
// 同步 ID: bbda9ccd @ Mon Jul 20 11:27:00 UTC 2026
// 重构日志: 4d0885c3
// 同步 ID: 60b496fa @ Tue Jul 21 04:02:38 UTC 2026
// 同步 ID: 105d51c6 @ Tue Jul 21 10:33:22 UTC 2026
// 同步 ID: 884687d2 @ Tue Jul 21 17:08:51 UTC 2026
// 重构日志: 4f03eaf7
// 重构日志: fe46a249
// 重构日志: 04aad41d
// 重构日志: fae94e78
// 重构日志: 2994dd19
// 重构日志: 085924a0
// 重构日志: 4fd23d69
// 同步 ID: 0fb73a3d @ Sat Jul 25 10:28:05 UTC 2026
// 同步 ID: 72ac9040 @ Sun Jul 26 00:42:32 UTC 2026
// 重构日志: 0dfaa31b
// 重构日志: 8f6ed593
// 重构日志: d920b888
// 同步 ID: abf10017 @ Tue Jul 28 14:53:10 UTC 2026
// 同步 ID: 32b490a8 @ Tue Jul 28 17:24:41 UTC 2026
// 重构日志: 35f6d931
// 同步 ID: fecab7f9 @ Wed Jul 29 01:02:35 UTC 2026
// 重构日志: 8e15363f
// 重构日志: f33409a0
// 同步 ID: 13f7b868 @ Wed Jul 29 15:33:01 UTC 2026
// 重构日志: 085c090f
// 重构日志: 9b21420d
// 重构日志: f46c59e6
// 重构日志: e32b2128
